# Generated by Cloud66 Starter
---
services:

  web:
    git_url: git@github.com:shahriarb/starter.git
    git_branch: master
    command: bundle exec unicorn -v
    build_command: /bin/sh -c "RAILS_ENV=_env:RAILS_ENV bundle exec rake db:schema:load"
    deploy_command: /bin/sh -c "RAILS_ENV=_env:RAILS_ENV bundle exec rake db:migrate"
    build_root: test/ruby/rails_unicorn_mysql/src/
    ports:
      - container: 8080
        http: 80
        https: 443
    env_vars:
      RAILS_ENV: production
      RACK_ENV: production

databases:
  - mysql
