# Generated by Cloud66 Starter
---
services:

  web:
    git_url: git@github.com:shahriarb/starter.git
    git_branch: master
    command: node lib/index.js
    build_root: test/node/express_mongodb_procfile/src/
    ports:
      - container: 3000
        http: 80
        https: 443
    env_vars:
      PORT: 3000

  background:
    git_url: git@github.com:shahriarb/starter.git
    git_branch: master
    command: node lib/background.js
    build_root: test/node/express_mongodb_procfile/src/
    ports:
      - container: 3001
    env_vars:
      PORT: 3001

databases:
  - mongodb
