# Generated by Cloud66 Starter
---
services:

  express:
    git_url: git@github.com:shahriarb/starter.git
    git_branch: master
    command: node server.js
    build_root: test/node/express_procfile/src/
    ports:
      - container: 3000
        http: 80
        https: 443
