# Generated by Cloud66 Starter
---
services:

  web:
    git_url: git@github.com:shahriarb/starter.git
    git_branch: master
    command: npm start
    build_root: test/node/express_bare_mongo/src/
    ports:
      - container: 3000
        http: 80
        https: 443

databases:
  - mongodb
