# Generated by Cloud66 Starter
---
services:

  web:
    git_url: git@github.com:shahriarb/starter.git
    git_branch: master
    command: _env:WEB
    build_root: test/node/express_pg_procfile/src/
    ports:
      - container: 3000
        http: 80
        https: 443

databases:
  - postgresql
