# Generated by Cloud66 Starter
---
services:

  web:
    git_url: git@github.com:shahriarb/starter.git
    git_branch: master
    command: apache2-foreground
    build_root: test/php/laravel_bare_mysql/src/
    ports:
      - container: 80
        http: 80
        https: 443

databases:
  - mysql
