# Generated by Cloud66 Starter
---
services:

  web:
    git_url: git@github.com:shahriarb/starter.git
    git_branch: master
    deploy_command: NODE_ENV=production webpack
    command: NODE_ENV=production node server.babel.js
    build_root: test/node/express_rethinkdb/src/
    ports:
      - container: 3000
        http: 80
        https: 443
  
  rethinkdb:
    image: rethinkdb
    ports: ["28015","29015"]